]0;/home/rory/Projects/STAT432/assignment2(base) ]0;rory@rory-laptop: ~/Projects/STAT432/assignment2[01;32mrory@rory-laptop[00m:[01;34m~/Projects/STAT432/assignment2[00m$ echo "# stat432ass2" >> README.md
]0;/home/rory/Projects/STAT432/assignment2(base) ]0;rory@rory-laptop: ~/Projects/STAT432/assignment2[01;32mrory@rory-laptop[00m:[01;34m~/Projects/STAT432/assignment2[00m$ git init
Initialized empty Git repository in /home/rory/Projects/STAT432/assignment2/.git/
]0;/home/rory/Projects/STAT432/assignment2(base) ]0;rory@rory-laptop: ~/Projects/STAT432/assignment2[01;32mrory@rory-laptop[00m:[01;34m~/Projects/STAT432/assignment2[00m$ git add .
]0;/home/rory/Projects/STAT432/assignment2(base) ]0;rory@rory-laptop: ~/Projects/STAT432/assignment2[01;32mrory@rory-laptop[00m:[01;34m~/Projects/STAT432/assignment2[00m$ git commit -m "getting started"
[master (root-commit) ac26d0d] getting started
 19 files changed, 351 insertions(+)
 create mode 100644 .Rproj.user/83658059/console06/3A481B05
 create mode 100644 .Rproj.user/83658059/console06/3A481B05.env
 create mode 100644 .Rproj.user/83658059/console06/INDEX001
 create mode 100644 .Rproj.user/83658059/sources/prop/9DB7EA7E
 create mode 100644 .Rproj.user/83658059/sources/prop/INDEX
 create mode 100644 .Rproj.user/83658059/sources/s-AEA35D6B/1494C444
 create mode 100644 .Rproj.user/83658059/sources/s-AEA35D6B/1494C444-contents
 create mode 100644 .Rproj.user/83658059/sources/s-AEA35D6B/3AC4BB3C
 create mode 100644 .Rproj.user/83658059/sources/s-AEA35D6B/3AC4BB3C-contents
 create mode 100644 .Rproj.user/83658059/sources/s-AEA35D6B/817AA75A
 create mode 100644 .Rproj.user/83658059/sources/s-AEA35D6B/817AA75A-contents
 create mode 100644 .Rproj.user/83658059/sources/s-AEA35D6B/89AB0AF
 create mode 100644 .Rproj.user/83658059/sources/s-AEA35D6B/89AB0AF-contents
 create mode 100644 .Rproj.user/83658059/sources/s-AEA35D6B/lock_file
 create mode 100644 .Rproj.user/shared/notebooks/patch-chunk-names
 create mode 100644 .Rproj.user/shared/notebooks/paths
 create mode 100644 README.md
 create mode 100644 assignment2.Rproj
 create mode 100644 binomial.R
]0;/home/rory/Projects/STAT432/assignment2(base) ]0;rory@rory-laptop: ~/Projects/STAT432/assignment2[01;32mrory@rory-laptop[00m:[01;34m~/Projects/STAT432/assignment2[00m$ git remote add origin https://github.com/rsarten/stat432ass2.git
]0;/home/rory/Projects/STAT432/assignment2(base) ]0;rory@rory-laptop: ~/Projects/STAT432/assignment2[01;32mrory@rory-laptop[00m:[01;34m~/Projects/STAT432/assignment2[00m$ git push -u origin master 
error: cannot run rpostback-askpass: No such file or directory
Username for 'https://github.com': rsarten
error: cannot run rpostback-askpass: No such file or directory
Password for 'https://rsarten@github.com': 
Enumerating objects: 24, done.
Counting objects:   4% (1/24)Counting objects:   8% (2/24)Counting objects:  12% (3/24)Counting objects:  16% (4/24)Counting objects:  20% (5/24)Counting objects:  25% (6/24)Counting objects:  29% (7/24)Counting objects:  33% (8/24)Counting objects:  37% (9/24)Counting objects:  41% (10/24)Counting objects:  45% (11/24)Counting objects:  50% (12/24)Counting objects:  54% (13/24)Counting objects:  58% (14/24)Counting objects:  62% (15/24)Counting objects:  66% (16/24)Counting objects:  70% (17/24)Counting objects:  75% (18/24)Counting objects:  79% (19/24)Counting objects:  83% (20/24)Counting objects:  87% (21/24)Counting objects:  91% (22/24)Counting objects:  95% (23/24)Counting objects: 100% (24/24)Counting objects: 100% (24/24), done.
Delta compression using up to 4 threads
Compressing objects:   4% (1/21)Compressing objects:   9% (2/21)Compressing objects:  14% (3/21)Compressing objects:  19% (4/21)Compressing objects:  23% (5/21)Compressing objects:  28% (6/21)Compressing objects:  33% (7/21)Compressing objects:  38% (8/21)Compressing objects:  42% (9/21)Compressing objects:  47% (10/21)Compressing objects:  52% (11/21)Compressing objects:  57% (12/21)Compressing objects:  61% (13/21)Compressing objects:  66% (14/21)Compressing objects:  71% (15/21)Compressing objects:  76% (16/21)Compressing objects:  80% (17/21)Compressing objects:  85% (18/21)Compressing objects:  90% (19/21)Compressing objects:  95% (20/21)Compressing objects: 100% (21/21)Compressing objects: 100% (21/21), done.
Writing objects:   4% (1/24)Writing objects:   8% (2/24)Writing objects:  12% (3/24)Writing objects:  16% (4/24)Writing objects:  20% (5/24)Writing objects:  25% (6/24)Writing objects:  29% (7/24)Writing objects:  33% (8/24)Writing objects:  37% (9/24)Writing objects:  41% (10/24)Writing objects:  45% (11/24)Writing objects:  50% (12/24)Writing objects:  54% (13/24)Writing objects:  66% (16/24)Writing objects:  70% (17/24)Writing objects:  75% (18/24)Writing objects:  79% (19/24)Writing objects:  83% (20/24)Writing objects:  87% (21/24)Writing objects:  91% (22/24)Writing objects:  95% (23/24)Writing objects: 100% (24/24)Writing objects: 100% (24/24), 5.73 KiB | 1.14 MiB/s, done.
Total 24 (delta 2), reused 0 (delta 0), pack-reused 0
remote: Resolving deltas:   0% (0/2)[Kremote: Resolving deltas: 100% (2/2)[Kremote: Resolving deltas: 100% (2/2), done.[K
To https://github.com/rsarten/stat432ass2.git
 * [new branch]      master -> master
Branch 'master' set up to track remote branch 'master' from 'origin'.
git add .
]0;/home/rory/Projects/STAT432/assignment2]0;rory@rory-laptop: ~/Projects/STAT432/assignment2[01;32mrory@rory-laptop[00m:[01;34m~/Projects/STAT432/assignment2[00m$ git add .
]0;/home/rory/Projects/STAT432/assignment2]0;rory@rory-laptop: ~/Projects/STAT432/assignment2[01;32mrory@rory-laptop[00m:[01;34m~/Projects/STAT432/assignment2[00m$ git commit -m "start 1[Kq1"
[master 62f29fe] start q1
 18 files changed, 123 insertions(+), 168 deletions(-)
 rewrite .Rproj.user/83658059/console06/INDEX001 (84%)
 delete mode 100644 .Rproj.user/83658059/sources/s-AEA35D6B/1494C444
 delete mode 100644 .Rproj.user/83658059/sources/s-AEA35D6B/1494C444-contents
 delete mode 100644 .Rproj.user/83658059/sources/s-AEA35D6B/3AC4BB3C
 delete mode 100644 .Rproj.user/83658059/sources/s-AEA35D6B/3AC4BB3C-contents
 delete mode 100644 .Rproj.user/83658059/sources/s-AEA35D6B/817AA75A
 delete mode 100644 .Rproj.user/83658059/sources/s-AEA35D6B/817AA75A-contents
 delete mode 100644 .Rproj.user/83658059/sources/s-AEA35D6B/89AB0AF
 delete mode 100644 .Rproj.user/83658059/sources/s-AEA35D6B/89AB0AF-contents
 delete mode 100644 .Rproj.user/83658059/sources/s-AEA35D6B/lock_file
 create mode 100644 .gitignore
 create mode 100644 assignment2.Rmd
 create mode 100644 assignment2.pdf
]0;/home/rory/Projects/STAT432/assignment2]0;rory@rory-laptop: ~/Projects/STAT432/assignment2[01;32mrory@rory-laptop[00m:[01;34m~/Projects/STAT432/assignment2[00m$ git push origin master 
error: cannot run rpostback-askpass: No such file or directory
Username for 'https://github.com': rsarten
error: cannot run rpostback-askpass: No such file or directory
Password for 'https://rsarten@github.com': 
Enumerating objects: 32, done.
Counting objects:   3% (1/32)Counting objects:   6% (2/32)Counting objects:   9% (3/32)Counting objects:  12% (4/32)Counting objects:  15% (5/32)Counting objects:  18% (6/32)Counting objects:  21% (7/32)Counting objects:  25% (8/32)Counting objects:  28% (9/32)Counting objects:  31% (10/32)Counting objects:  34% (11/32)Counting objects:  37% (12/32)Counting objects:  40% (13/32)Counting objects:  43% (14/32)Counting objects:  46% (15/32)Counting objects:  50% (16/32)Counting objects:  53% (17/32)Counting objects:  56% (18/32)Counting objects:  59% (19/32)Counting objects:  62% (20/32)Counting objects:  65% (21/32)Counting objects:  68% (22/32)Counting objects:  71% (23/32)Counting objects:  75% (24/32)Counting objects:  78% (25/32)Counting objects:  81% (26/32)Counting objects:  84% (27/32)Counting objects:  87% (28/32)Counting objects:  90% (29/32)Counting objects:  93% (30/32)Counting objects:  96% (31/32)Counting objects: 100% (32/32)Counting objects: 100% (32/32), done.
Delta compression using up to 4 threads
Compressing objects:   6% (1/15)Compressing objects:  13% (2/15)Compressing objects:  20% (3/15)Compressing objects:  26% (4/15)Compressing objects:  33% (5/15)Compressing objects:  40% (6/15)Compressing objects:  46% (7/15)Compressing objects:  53% (8/15)Compressing objects:  60% (9/15)Compressing objects:  66% (10/15)Compressing objects:  73% (11/15)Compressing objects:  80% (12/15)Compressing objects:  86% (13/15)Compressing objects:  93% (14/15)Compressing objects: 100% (15/15)Compressing objects: 100% (15/15), done.
Writing objects:   5% (1/18)Writing objects:  11% (2/18)Writing objects:  16% (3/18)Writing objects:  22% (4/18)Writing objects:  27% (5/18)Writing objects:  33% (6/18)Writing objects:  38% (7/18)Writing objects:  44% (8/18)Writing objects:  50% (9/18)Writing objects:  55% (10/18)Writing objects:  61% (11/18)Writing objects:  66% (12/18)Writing objects:  72% (13/18)Writing objects:  77% (14/18)Writing objects:  83% (15/18)Writing objects:  88% (16/18)Writing objects:  94% (17/18)Writing objects: 100% (18/18)Writing objects: 100% (18/18), 198.57 KiB | 12.41 MiB/s, done.
Total 18 (delta 2), reused 0 (delta 0), pack-reused 0
remote: Resolving deltas:   0% (0/2)[Kremote: Resolving deltas:  50% (1/2)[Kremote: Resolving deltas: 100% (2/2)[Kremote: Resolving deltas: 100% (2/2), completed with 2 local objects.[K
To https://github.com/rsarten/stat432ass2.git
   ac26d0d..62f29fe  master -> master
]0;/home/rory/Projects/STAT432/assignment2]0;rory@rory-laptop: ~/Projects/STAT432/assignment2[01;32mrory@rory-laptop[00m:[01;34m~/Projects/STAT432/assignment2[00m$ shutdown now
^C]0;/home/rory/Projects/STAT432/assignment2]0;rory@rory-laptop: ~/Projects/STAT432/assignment2[01;32mrory@rory-laptop[00m:[01;34m~/Projects/STAT432/assignment2[00m$ sudo aptitude install libcurl4-openssl-dev
[sudo] password for rory: ***********           
[  0%] Reading package lists                            [100%] Reading package lists                            [  0%] Building dependency tree                               [100%] Building dependency tree                               [  0%] Reading state information                                [ 16%] Reading state information                                [  0%] Reading extended state information                                         [  0%] Initializing package states                                  [  0%] Writing extended state information                                         [  0%] Building tag database                            [100%] Building tag database                            The following NEW packages will be installed:
  libcurl4-openssl-dev{b} 
The following packages will be REMOVED:
  gir1.2-mate-desktop{u} gir1.2-mate-panel{u} gyp{u} libc-ares2{u} libhttp-parser2.7.1{u} libjs-async{u} libjs-inherits{u} 
  libjs-node-uuid{u} libllvm9{u} libuv1{u} libuv1-dev{u} 
The following packages will be upgraded:
  libcurl4 
1 packages upgraded, 1 newly installed, 11 to remove and 3 not upgraded.
Need to get 508 kB of archives. After unpacking 70.1 MB will be freed.
The following packages have unmet dependencies:
 libcurl4-openssl-dev : Conflicts: libssl1.0-dev but 1.0.2n-1ubuntu5.3 is installed
 curl : Depends: libcurl4 (= 7.58.0-2ubuntu3.9) but 7.58.0-2ubuntu3.10 is to be installed
The following actions will resolve these dependencies:

     Remove the following packages:                                                          
1)     libssl1.0-dev [1.0.2n-1ubuntu5.3 (bionic-security, bionic-updates, now)]              

     Upgrade the following packages:                                                         
2)     curl [7.58.0-2ubuntu3.9 (now) -> 7.58.0-2ubuntu3.10 (bionic-security, bionic-updates)]



Accept this solution? [Y/n/q/?] Y
The following NEW packages will be installed:
  libcurl4-openssl-dev 
The following packages will be REMOVED:
  gir1.2-mate-desktop{u} gir1.2-mate-panel{u} gyp{u} libc-ares2{u} libhttp-parser2.7.1{u} libjs-async{u} libjs-inherits{u} 
  libjs-node-uuid{u} libllvm9{u} libssl1.0-dev{a} libuv1{u} libuv1-dev{u} 
The following packages will be upgraded:
  curl libcurl4 
2 packages upgraded, 1 newly installed, 12 to remove and 2 not upgraded.
Need to get 667 kB of archives. After unpacking 77.3 MB will be freed.
Do you want to continue? [Y/n/?]  Y
[  0%] Writing extended state information                                         [100%] Writing extended state information                                         0% [Working]            0% [Connecting to archive.ubuntu.com (91.189.88.152)]                                                     0% [Waiting for headers]                        Get: 1 http://archive.ubuntu.com/ubuntu bionic-updates/main amd64 curl amd64 7.58.0-2ubuntu3.10 [159 kB]
1% [1 curl 4,869 B/159 kB 3%]                             6% [1 curl 38.4 kB/159 kB 24%]                              24% [Working]             Get: 2 http://archive.ubuntu.com/ubuntu bionic-updates/main amd64 libcurl4 amd64 7.58.0-2ubuntu3.10 [214 kB]
24% [2 libcurl4 1,005 B/214 kB 0%]                                  56% [Waiting for headers]                         Get: 3 http://archive.ubuntu.com/ubuntu bionic-updates/main amd64 libcurl4-openssl-dev amd64 7.58.0-2ubuntu3.10 [294 kB]
56% [3 libcurl4-openssl-dev 526 B/294 kB 0%]                                            100% [Working]              Fetched 667 kB in 3s (235 kB/s)
(Reading database ... (Reading database ... 5%(Reading database ... 10%(Reading database ... 15%(Reading database ... 20%(Reading database ... 25%(Reading database ... 30%(Reading database ... 35%(Reading database ... 40%(Reading database ... 45%(Reading database ... 50%(Reading database ... 55%(Reading database ... 60%(Reading database ... 65%(Reading database ... 70%(Reading database ... 75%(Reading database ... 80%(Reading database ... 85%(Reading database ... 90%(Reading database ... 95%(Reading database ... 100%(Reading database ... 494509 files and directories currently installed.)
Removing gir1.2-mate-desktop (1.22.2-1+tricia) ...
Removing gir1.2-mate-panel (1.22.2-1mint1+tricia) ...
Removing gyp (0.1+20150913git1f374df9-1ubuntu1) ...
Removing libc-ares2:amd64 (1.14.0-1) ...
Removing libhttp-parser2.7.1:amd64 (2.7.1-2) ...
Removing libjs-async (0.8.0-3) ...
Removing libjs-inherits (2.0.3-1) ...
Removing libjs-node-uuid (1.4.7-5) ...
Removing libllvm9:amd64 (1:9-2~ubuntu18.04.2) ...
Removing libssl1.0-dev:amd64 (1.0.2n-1ubuntu5.3) ...
Removing libuv1-dev:amd64 (1.18.0-3) ...
Removing libuv1:amd64 (1.18.0-3) ...
(Reading database ... (Reading database ... 5%(Reading database ... 10%(Reading database ... 15%(Reading database ... 20%(Reading database ... 25%(Reading database ... 30%(Reading database ... 35%(Reading database ... 40%(Reading database ... 45%(Reading database ... 50%(Reading database ... 55%(Reading database ... 60%(Reading database ... 65%(Reading database ... 70%(Reading database ... 75%(Reading database ... 80%(Reading database ... 85%(Reading database ... 90%(Reading database ... 95%(Reading database ... 100%(Reading database ... 494301 files and directories currently installed.)
Preparing to unpack .../curl_7.58.0-2ubuntu3.10_amd64.deb ...
Unpacking curl (7.58.0-2ubuntu3.10) over (7.58.0-2ubuntu3.9) ...
Preparing to unpack .../libcurl4_7.58.0-2ubuntu3.10_amd64.deb ...
Unpacking libcurl4:amd64 (7.58.0-2ubuntu3.10) over (7.58.0-2ubuntu3.9) ...
Selecting previously unselected package libcurl4-openssl-dev:amd64.
Preparing to unpack .../libcurl4-openssl-dev_7.58.0-2ubuntu3.10_amd64.deb ...
Unpacking libcurl4-openssl-dev:amd64 (7.58.0-2ubuntu3.10) ...
Setting up libcurl4:amd64 (7.58.0-2ubuntu3.10) ...
Setting up libcurl4-openssl-dev:amd64 (7.58.0-2ubuntu3.10) ...
Setting up curl (7.58.0-2ubuntu3.10) ...
Processing triggers for man-db (2.8.3-2ubuntu0.1) ...
Processing triggers for libc-bin (2.27-3ubuntu1.2) ...
[  0%] Reading package lists                            [  0%] Building dependency tree                               [100%] Building dependency tree                               [  0%] Reading state information                                [ 17%] Reading state information                                [  0%] Reading extended state information                                         [  0%] Initializing package states                                  [  0%] Writing extended state information                                         [100%] Writing extended state information                                         [  0%] Building tag database                            
Current status: 2 (-2) upgradable.
]0;/home/rory/Projects/STAT432/assignment2]0;rory@rory-laptop: ~/Projects/STAT432/assignment2[01;32mrory@rory-laptop[00m:[01;34m~/Projects/STAT432/assignment2[00m$ git add .
]0;/home/rory/Projects/STAT432/assignment2]0;rory@rory-laptop: ~/Projects/STAT432/assignment2[01;32mrory@rory-laptop[00m:[01;34m~/Projects/STAT432/assignment2[00m$ git commit -m "add CI"[K[K[K[K[K[K[Kadd Q1 - c) CI"
[master a6109af] add Q1 - c) CI
 7 files changed, 182 insertions(+), 9 deletions(-)
 rewrite .Rproj.user/83658059/console06/INDEX001 (86%)
]0;/home/rory/Projects/STAT432/assignment2]0;rory@rory-laptop: ~/Projects/STAT432/assignment2[01;32mrory@rory-laptop[00m:[01;34m~/Projects/STAT432/assignment2[00m$ git push
error: cannot run rpostback-askpass: No such file or directory
Username for 'https://github.com': rsarten
error: cannot run rpostback-askpass: No such file or directory
Password for 'https://rsarten@github.com': 
Enumerating objects: 27, done.
Counting objects:   3% (1/27)Counting objects:   7% (2/27)Counting objects:  11% (3/27)Counting objects:  14% (4/27)Counting objects:  18% (5/27)Counting objects:  22% (6/27)Counting objects:  25% (7/27)Counting objects:  29% (8/27)Counting objects:  33% (9/27)Counting objects:  37% (10/27)Counting objects:  40% (11/27)Counting objects:  44% (12/27)Counting objects:  48% (13/27)Counting objects:  51% (14/27)Counting objects:  55% (15/27)Counting objects:  59% (16/27)Counting objects:  62% (17/27)Counting objects:  66% (18/27)Counting objects:  70% (19/27)Counting objects:  74% (20/27)Counting objects:  77% (21/27)Counting objects:  81% (22/27)Counting objects:  85% (23/27)Counting objects:  88% (24/27)Counting objects:  92% (25/27)Counting objects:  96% (26/27)Counting objects: 100% (27/27)Counting objects: 100% (27/27), done.
Delta compression using up to 4 threads
Compressing objects:   7% (1/13)Compressing objects:  15% (2/13)Compressing objects:  23% (3/13)Compressing objects:  30% (4/13)Compressing objects:  38% (5/13)Compressing objects:  46% (6/13)Compressing objects:  53% (7/13)Compressing objects:  61% (8/13)Compressing objects:  69% (9/13)Compressing objects:  76% (10/13)Compressing objects:  84% (11/13)Compressing objects:  92% (12/13)Compressing objects: 100% (13/13)Compressing objects: 100% (13/13), done.
Writing objects:   7% (1/14)Writing objects:  14% (2/14)Writing objects:  21% (3/14)Writing objects:  28% (4/14)Writing objects:  35% (5/14)Writing objects:  42% (6/14)Writing objects:  50% (7/14)Writing objects:  57% (8/14)Writing objects:  64% (9/14)Writing objects:  71% (10/14)Writing objects:  78% (11/14)Writing objects:  85% (12/14)Writing objects:  92% (13/14)Writing objects: 100% (14/14)Writing objects: 100% (14/14), 93.34 KiB | 6.22 MiB/s, done.
Total 14 (delta 5), reused 0 (delta 0), pack-reused 0
remote: Resolving deltas:   0% (0/5)[Kremote: Resolving deltas:  20% (1/5)[Kremote: Resolving deltas:  40% (2/5)[Kremote: Resolving deltas:  60% (3/5)[Kremote: Resolving deltas:  80% (4/5)[Kremote: Resolving deltas: 100% (5/5)[Kremote: Resolving deltas: 100% (5/5), completed with 5 local objects.[K
To https://github.com/rsarten/stat432ass2.git
   62f29fe..a6109af  master -> master
]0;/home/rory/Projects/STAT432/assignment2]0;rory@rory-laptop: ~/Projects/STAT432/assignment2[01;32mrory@rory-laptop[00m:[01;34m~/Projects/STAT432/assignment2[00m$ add .

Command 'add' not found, did you mean:

  command 'tdd' from deb devtodo
  command 'dd' from deb coreutils
  command 'adbd' from deb android-tools-adbd
  command 'ddd' from deb ddd
  command 'ldd' from deb libc-bin
  command 'aid' from deb id-utils
  command 'adb' from deb adb
  command 'atd' from deb at
  command 'dad' from deb debian-dad
  command 'pdd' from deb pdd
  command 'axd' from deb afnix
  command 'amd' from deb am-utils
  command 'and' from deb and
  command 'ad' from deb netatalk

Try: sudo apt install <deb name>

]0;/home/rory/Projects/STAT432/assignment2]0;rory@rory-laptop: ~/Projects/STAT432/assignment2[01;32mrory@rory-laptop[00m:[01;34m~/Projects/STAT432/assignment2[00m$ git add .
]0;/home/rory/Projects/STAT432/assignment2]0;rory@rory-laptop: ~/Projects/STAT432/assignment2[01;32mrory@rory-laptop[00m:[01;34m~/Projects/STAT432/assignment2[00m$ git commit -m "work out display CI on contour"
[master bf4d075] work out display CI on contour
 3 files changed, 56 insertions(+), 3 deletions(-)
]0;/home/rory/Projects/STAT432/assignment2]0;rory@rory-laptop: ~/Projects/STAT432/assignment2[01;32mrory@rory-laptop[00m:[01;34m~/Projects/STAT432/assignment2[00m$ git push
error: cannot run rpostback-askpass: No such file or directory
Username for 'https://github.com': rsarten
error: cannot run rpostback-askpass: No such file or directory
Password for 'https://rsarten@github.com': 
Enumerating objects: 19, done.
Counting objects:   5% (1/19)Counting objects:  10% (2/19)Counting objects:  15% (3/19)Counting objects:  21% (4/19)Counting objects:  26% (5/19)Counting objects:  31% (6/19)Counting objects:  36% (7/19)Counting objects:  42% (8/19)Counting objects:  47% (9/19)Counting objects:  52% (10/19)Counting objects:  57% (11/19)Counting objects:  63% (12/19)Counting objects:  68% (13/19)Counting objects:  73% (14/19)Counting objects:  78% (15/19)Counting objects:  84% (16/19)Counting objects:  89% (17/19)Counting objects:  94% (18/19)Counting objects: 100% (19/19)Counting objects: 100% (19/19), done.
Delta compression using up to 4 threads
Compressing objects:  11% (1/9)Compressing objects:  22% (2/9)Compressing objects:  33% (3/9)Compressing objects:  44% (4/9)Compressing objects:  55% (5/9)Compressing objects:  66% (6/9)Compressing objects:  77% (7/9)Compressing objects:  88% (8/9)Compressing objects: 100% (9/9)Compressing objects: 100% (9/9), done.
Writing objects:  10% (1/10)Writing objects:  20% (2/10)Writing objects:  30% (3/10)Writing objects:  40% (4/10)Writing objects:  50% (5/10)Writing objects:  60% (6/10)Writing objects:  70% (7/10)Writing objects:  80% (8/10)Writing objects:  90% (9/10)Writing objects: 100% (10/10)Writing objects: 100% (10/10), 1.76 KiB | 899.00 KiB/s, done.
Total 10 (delta 3), reused 0 (delta 0), pack-reused 0
remote: Resolving deltas:   0% (0/3)[Kremote: Resolving deltas:  33% (1/3)[Kremote: Resolving deltas:  66% (2/3)[Kremote: Resolving deltas: 100% (3/3)[Kremote: Resolving deltas: 100% (3/3), completed with 3 local objects.[K
To https://github.com/rsarten/stat432ass2.git
   a6109af..bf4d075  master -> master
]0;/home/rory/Projects/STAT432/assignment2]0;rory@rory-laptop: ~/Projects/STAT432/assignment2[01;32mrory@rory-laptop[00m:[01;34m~/Projects/STAT432/assignment2[00m$ git add .
]0;/home/rory/Projects/STAT432/assignment2]0;rory@rory-laptop: ~/Projects/STAT432/assignment2[01;32mrory@rory-laptop[00m:[01;34m~/Projects/STAT432/assignment2[00m$ git status 
On branch master
Your branch is up to date with 'origin/master'.

Changes to be committed:
  (use "git restore --staged <file>..." to unstage)
	[32mmodified:   .Rproj.user/83658059/console06/3A481B05[m
	[32mmodified:   .Rproj.user/83658059/console06/INDEX001[m
	[32mmodified:   .Rproj.user/83658059/sources/prop/9DB7EA7E[m
	[32mmodified:   assignment2.Rmd[m
	[32mmodified:   assignment2.pdf[m
	[32mmodified:   binomial.R[m

Changes not staged for commit:
  (use "git add <file>..." to update what will be committed)
  (use "git restore <file>..." to discard changes in working directory)
	[31mmodified:   .Rproj.user/83658059/console06/3A481B05[m

]0;/home/rory/Projects/STAT432/assignment2]0;rory@rory-laptop: ~/Projects/STAT432/assignment2[01;32mrory@rory-laptop[00m:[01;34m~/Projects/STAT432/assignment2[00m$ git c[K[K add .
]0;/home/rory/Projects/STAT432/assignment2]0;rory@rory-laptop: ~/Projects/STAT432/assignment2[01;32mrory@rory-laptop[00m:[01;34m~/Projects/STAT432/assignment2[00m$ git commit -m "contour map"
[master f0dff21] contour map
 7 files changed, 107 insertions(+), 50 deletions(-)
 rewrite .Rproj.user/83658059/console06/INDEX001 (100%)
]0;/home/rory/Projects/STAT432/assignment2]0;rory@rory-laptop: ~/Projects/STAT432/assignment2[01;32mrory@rory-laptop[00m:[01;34m~/Projects/STAT432/assignment2[00m$ git push
error: cannot run rpostback-askpass: No such file or directory
Username for 'https://github.com': rsarten
error: cannot run rpostback-askpass: No such file or directory
Password for 'https://rsarten@github.com': 
Enumerating objects: 27, done.
Counting objects:   3% (1/27)Counting objects:   7% (2/27)Counting objects:  11% (3/27)Counting objects:  14% (4/27)Counting objects:  18% (5/27)Counting objects:  22% (6/27)Counting objects:  25% (7/27)Counting objects:  29% (8/27)Counting objects:  33% (9/27)Counting objects:  37% (10/27)Counting objects:  40% (11/27)Counting objects:  44% (12/27)Counting objects:  48% (13/27)Counting objects:  51% (14/27)Counting objects:  55% (15/27)Counting objects:  59% (16/27)Counting objects:  62% (17/27)Counting objects:  66% (18/27)Counting objects:  70% (19/27)Counting objects:  74% (20/27)Counting objects:  77% (21/27)Counting objects:  81% (22/27)Counting objects:  85% (23/27)Counting objects:  88% (24/27)Counting objects:  92% (25/27)Counting objects:  96% (26/27)Counting objects: 100% (27/27)Counting objects: 100% (27/27), done.
Delta compression using up to 4 threads
Compressing objects:   7% (1/13)Compressing objects:  15% (2/13)Compressing objects:  23% (3/13)Compressing objects:  30% (4/13)Compressing objects:  38% (5/13)Compressing objects:  46% (6/13)Compressing objects:  53% (7/13)Compressing objects:  61% (8/13)Compressing objects:  69% (9/13)Compressing objects:  76% (10/13)Compressing objects:  84% (11/13)Compressing objects:  92% (12/13)Compressing objects: 100% (13/13)Compressing objects: 100% (13/13), done.
Writing objects:   7% (1/14)Writing objects:  14% (2/14)Writing objects:  21% (3/14)Writing objects:  28% (4/14)Writing objects:  35% (5/14)Writing objects:  42% (6/14)Writing objects:  50% (7/14)Writing objects:  57% (8/14)Writing objects:  64% (9/14)Writing objects:  71% (10/14)Writing objects:  78% (11/14)Writing objects:  85% (12/14)Writing objects:  92% (13/14)Writing objects: 100% (14/14)Writing objects: 100% (14/14), 240.81 KiB | 10.47 MiB/s, done.
Total 14 (delta 5), reused 0 (delta 0), pack-reused 0
remote: Resolving deltas:   0% (0/5)[Kremote: Resolving deltas:  20% (1/5)[Kremote: Resolving deltas:  40% (2/5)[Kremote: Resolving deltas:  60% (3/5)[Kremote: Resolving deltas:  80% (4/5)[Kremote: Resolving deltas: 100% (5/5)[Kremote: Resolving deltas: 100% (5/5), completed with 5 local objects.[K
To https://github.com/rsarten/stat432ass2.git
   bf4d075..f0dff21  master -> master
]0;/home/rory/Projects/STAT432/assignment2]0;rory@rory-laptop: ~/Projects/STAT432/assignment2[01;32mrory@rory-laptop[00m:[01;34m~/Projects/STAT432/assignment2[00m$ git status 
On branch master
Your branch is up to date with 'origin/master'.

Changes not staged for commit:
  (use "git add <file>..." to update what will be committed)
  (use "git restore <file>..." to discard changes in working directory)
	[31mmodified:   .Rproj.user/83658059/console06/3A481B05[m
	[31mmodified:   assignment2.Rmd[m
	[31mmodified:   assignment2.pdf[m

no changes added to commit (use "git add" and/or "git commit -a")
]0;/home/rory/Projects/STAT432/assignment2]0;rory@rory-laptop: ~/Projects/STAT432/assignment2[01;32mrory@rory-laptop[00m:[01;34m~/Projects/STAT432/assignment2[00m$ git status 
On branch master
Your branch is up to date with 'origin/master'.

Changes not staged for commit:
  (use "git add <file>..." to update what will be committed)
  (use "git restore <file>..." to discard changes in working directory)
	[31mmodified:   .Rproj.user/83658059/console06/3A481B05[m
	[31mmodified:   .Rproj.user/83658059/sources/prop/9DB7EA7E[m
	[31mmodified:   assignment2.Rmd[m
	[31mmodified:   assignment2.pdf[m
	[31mmodified:   binomial.R[m

no changes added to commit (use "git add" and/or "git commit -a")
]0;/home/rory/Projects/STAT432/assignment2]0;rory@rory-laptop: ~/Projects/STAT432/assignment2[01;32mrory@rory-laptop[00m:[01;34m~/Projects/STAT432/assignment2[00m$ git add .
]0;/home/rory/Projects/STAT432/assignment2]0;rory@rory-laptop: ~/Projects/STAT432/assignment2[01;32mrory@rory-laptop[00m:[01;34m~/Projects/STAT432/assignment2[00m$ git commit -m "start on g[Kf"
[master 9aafdfb] start on f
 5 files changed, 96 insertions(+), 26 deletions(-)
]0;/home/rory/Projects/STAT432/assignment2]0;rory@rory-laptop: ~/Projects/STAT432/assignment2[01;32mrory@rory-laptop[00m:[01;34m~/Projects/STAT432/assignment2[00m$ git push origin master 
error: cannot run rpostback-askpass: No such file or directory
Username for 'https://github.com': rsarten
error: cannot run rpostback-askpass: No such file or directory
Password for 'https://rsarten@github.com': 
Enumerating objects: 23, done.
Counting objects:   4% (1/23)Counting objects:   8% (2/23)Counting objects:  13% (3/23)Counting objects:  17% (4/23)Counting objects:  21% (5/23)Counting objects:  26% (6/23)Counting objects:  30% (7/23)Counting objects:  34% (8/23)Counting objects:  39% (9/23)Counting objects:  43% (10/23)Counting objects:  47% (11/23)Counting objects:  52% (12/23)Counting objects:  56% (13/23)Counting objects:  60% (14/23)Counting objects:  65% (15/23)Counting objects:  69% (16/23)Counting objects:  73% (17/23)Counting objects:  78% (18/23)Counting objects:  82% (19/23)Counting objects:  86% (20/23)Counting objects:  91% (21/23)Counting objects:  95% (22/23)Counting objects: 100% (23/23)Counting objects: 100% (23/23), done.
Delta compression using up to 4 threads
Compressing objects:   9% (1/11)Compressing objects:  18% (2/11)Compressing objects:  27% (3/11)Compressing objects:  36% (4/11)Compressing objects:  45% (5/11)Compressing objects:  54% (6/11)Compressing objects:  63% (7/11)Compressing objects:  72% (8/11)Compressing objects:  81% (9/11)Compressing objects:  90% (10/11)Compressing objects: 100% (11/11)Compressing objects: 100% (11/11), done.
Writing objects:   8% (1/12)Writing objects:  16% (2/12)Writing objects:  25% (3/12)Writing objects:  33% (4/12)Writing objects:  41% (5/12)Writing objects:  50% (6/12)Writing objects:  58% (7/12)Writing objects:  66% (8/12)Writing objects:  75% (9/12)Writing objects:  83% (10/12)Writing objects:  91% (11/12)Writing objects: 100% (12/12)Writing objects: 100% (12/12), 50.36 KiB | 4.20 MiB/s, done.
Total 12 (delta 4), reused 0 (delta 0), pack-reused 0
remote: Resolving deltas:   0% (0/4)[Kremote: Resolving deltas:  25% (1/4)[Kremote: Resolving deltas:  50% (2/4)[Kremote: Resolving deltas:  75% (3/4)[Kremote: Resolving deltas: 100% (4/4)[Kremote: Resolving deltas: 100% (4/4), completed with 4 local objects.[K
To https://github.com/rsarten/stat432ass2.git
   f0dff21..9aafdfb  master -> master
^C]0;/home/rory/Projects/STAT432/assignment2]0;rory@rory-laptop: ~/Projects/STAT432/assignment2[01;32mrory@rory-laptop[00m:[01;34m~/Projects/STAT432/assignment2[00m$ git add .
]0;/home/rory/Projects/STAT432/assignment2]0;rory@rory-laptop: ~/Projects/STAT432/assignment2[01;32mrory@rory-laptop[00m:[01;34m~/Projects/STAT432/assignment2[00m$ git commit -m "start q1 [K.g"
[master af1f19d] start q1.g
 7 files changed, 1493 insertions(+), 32 deletions(-)
 rewrite .Rproj.user/83658059/console06/INDEX001 (86%)
 create mode 100644 assignment2.log
 delete mode 100644 assignment2.pdf
 create mode 100644 assignment2.tex
]0;/home/rory/Projects/STAT432/assignment2]0;rory@rory-laptop: ~/Projects/STAT432/assignment2[01;32mrory@rory-laptop[00m:[01;34m~/Projects/STAT432/assignment2[00m$ git push origin master 
error: cannot run rpostback-askpass: No such file or directory
Username for 'https://github.com': rsarten
error: cannot run rpostback-askpass: No such file or directory
Password for 'https://rsarten@github.com': 
Enumerating objects: 23, done.
Counting objects:   4% (1/23)Counting objects:   8% (2/23)Counting objects:  13% (3/23)Counting objects:  17% (4/23)Counting objects:  21% (5/23)Counting objects:  26% (6/23)Counting objects:  30% (7/23)Counting objects:  34% (8/23)Counting objects:  39% (9/23)Counting objects:  43% (10/23)Counting objects:  47% (11/23)Counting objects:  52% (12/23)Counting objects:  56% (13/23)Counting objects:  60% (14/23)Counting objects:  65% (15/23)Counting objects:  69% (16/23)Counting objects:  73% (17/23)Counting objects:  78% (18/23)Counting objects:  82% (19/23)Counting objects:  86% (20/23)Counting objects:  91% (21/23)Counting objects:  95% (22/23)Counting objects: 100% (23/23)Counting objects: 100% (23/23), done.
Delta compression using up to 4 threads
Compressing objects:   8% (1/12)Compressing objects:  16% (2/12)Compressing objects:  25% (3/12)Compressing objects:  33% (4/12)Compressing objects:  41% (5/12)Compressing objects:  50% (6/12)Compressing objects:  58% (7/12)Compressing objects:  66% (8/12)Compressing objects:  75% (9/12)Compressing objects:  83% (10/12)Compressing objects:  91% (11/12)Compressing objects: 100% (12/12)Compressing objects: 100% (12/12), done.
Writing objects:   7% (1/13)Writing objects:  15% (2/13)Writing objects:  23% (3/13)Writing objects:  30% (4/13)Writing objects:  38% (5/13)Writing objects:  46% (6/13)Writing objects:  53% (7/13)Writing objects:  61% (8/13)Writing objects:  69% (9/13)Writing objects:  76% (10/13)Writing objects:  84% (11/13)Writing objects:  92% (12/13)Writing objects: 100% (13/13)Writing objects: 100% (13/13), 16.29 KiB | 3.26 MiB/s, done.
Total 13 (delta 3), reused 0 (delta 0), pack-reused 0
remote: Resolving deltas:   0% (0/3)[Kremote: Resolving deltas:  33% (1/3)[Kremote: Resolving deltas:  66% (2/3)[Kremote: Resolving deltas: 100% (3/3)[Kremote: Resolving deltas: 100% (3/3), completed with 3 local objects.[K
To https://github.com/rsarten/stat432ass2.git
   9aafdfb..af1f19d  master -> master
]0;/home/rory/Projects/STAT432/assignment2]0;rory@rory-laptop: ~/Projects/STAT432/assignment2[01;32mrory@rory-laptop[00m:[01;34m~/Projects/STAT432/assignment2[00m$ git add .
]0;/home/rory/Projects/STAT432/assignment2]0;rory@rory-laptop: ~/Projects/STAT432/assignment2[01;32mrory@rory-laptop[00m:[01;34m~/Projects/STAT432/assignment2[00m$ git git commit -m "statr [K[K[Krt q2"
git: 'git' is not a git command. See 'git --help'.

The most similar command is
	init
]0;/home/rory/Projects/STAT432/assignment2]0;rory@rory-laptop: ~/Projects/STAT432/assignment2[01;32mrory@rory-laptop[00m:[01;34m~/Projects/STAT432/assignment2[00m$ git git commit -m "start q2"[1P[1P[1P
[master d958978] start q2
 12 files changed, 163 insertions(+), 1411 deletions(-)
 delete mode 100644 assignment2.log
 create mode 100644 assignment2.pdf
 delete mode 100644 assignment2.tex
 create mode 100644 counts.rds
 create mode 100644 counts.txt
 create mode 100644 counts_test.rds
]0;/home/rory/Projects/STAT432/assignment2]0;rory@rory-laptop: ~/Projects/STAT432/assignment2[01;32mrory@rory-laptop[00m:[01;34m~/Projects/STAT432/assignment2[00m$ gi [Kt push origin master 
error: cannot run rpostback-askpass: No such file or directory
Username for 'https://github.com': rsarten
error: cannot run rpostback-askpass: No such file or directory
Password for 'https://rsarten@github.com': 
Enumerating objects: 32, done.
Counting objects:   3% (1/32)Counting objects:   6% (2/32)Counting objects:   9% (3/32)Counting objects:  12% (4/32)Counting objects:  15% (5/32)Counting objects:  18% (6/32)Counting objects:  21% (7/32)Counting objects:  25% (8/32)Counting objects:  28% (9/32)Counting objects:  31% (10/32)Counting objects:  34% (11/32)Counting objects:  37% (12/32)Counting objects:  40% (13/32)Counting objects:  43% (14/32)Counting objects:  46% (15/32)Counting objects:  50% (16/32)Counting objects:  53% (17/32)Counting objects:  56% (18/32)Counting objects:  59% (19/32)Counting objects:  62% (20/32)Counting objects:  65% (21/32)Counting objects:  68% (22/32)Counting objects:  71% (23/32)Counting objects:  75% (24/32)Counting objects:  78% (25/32)Counting objects:  81% (26/32)Counting objects:  84% (27/32)Counting objects:  87% (28/32)Counting objects:  90% (29/32)Counting objects:  93% (30/32)Counting objects:  96% (31/32)Counting objects: 100% (32/32)Counting objects: 100% (32/32), done.
Delta compression using up to 4 threads
Compressing objects:   6% (1/16)Compressing objects:  12% (2/16)Compressing objects:  18% (3/16)Compressing objects:  25% (4/16)Compressing objects:  31% (5/16)Compressing objects:  37% (6/16)Compressing objects:  43% (7/16)Compressing objects:  50% (8/16)Compressing objects:  56% (9/16)Compressing objects:  62% (10/16)Compressing objects:  68% (11/16)Compressing objects:  75% (12/16)Compressing objects:  81% (13/16)Compressing objects:  87% (14/16)Compressing objects:  93% (15/16)Compressing objects: 100% (16/16)Compressing objects: 100% (16/16), done.
Writing objects:   5% (1/18)Writing objects:  11% (2/18)Writing objects:  16% (3/18)Writing objects:  22% (4/18)Writing objects:  27% (5/18)Writing objects:  33% (6/18)Writing objects:  38% (7/18)Writing objects:  44% (8/18)Writing objects:  50% (9/18)Writing objects:  55% (10/18)Writing objects:  61% (11/18)Writing objects:  66% (12/18)Writing objects:  72% (13/18)Writing objects:  77% (14/18)Writing objects:  83% (15/18)Writing objects:  88% (16/18)Writing objects:  94% (17/18)Writing objects: 100% (18/18)Writing objects: 100% (18/18), 260.76 KiB | 14.49 MiB/s, done.
Total 18 (delta 6), reused 0 (delta 0), pack-reused 0
remote: Resolving deltas:   0% (0/6)[Kremote: Resolving deltas:  16% (1/6)[Kremote: Resolving deltas:  33% (2/6)[Kremote: Resolving deltas:  50% (3/6)[Kremote: Resolving deltas:  66% (4/6)[Kremote: Resolving deltas:  83% (5/6)[Kremote: Resolving deltas: 100% (6/6)[Kremote: Resolving deltas: 100% (6/6), completed with 6 local objects.[K
To https://github.com/rsarten/stat432ass2.git
   af1f19d..d958978  master -> master
]0;/home/rory/Projects/STAT432/assignment2]0;rory@rory-laptop: ~/Projects/STAT432/assignment2[01;32mrory@rory-laptop[00m:[01;34m~/Projects/STAT432/assignment2[00m$ (i-search)`': [K[C[8@failed i-search)`q[C[C[C]0;rory@rory-laptop: ~/Projects/STAT432/assignment2[01;32mrory@rory-laptop[00m:[01;34m~/Projects/STAT432/assignment2[00m$ git add .
]0;/home/rory/Projects/STAT432/assignment2]0;rory@rory-laptop: ~/Projects/STAT432/assignment2[01;32mrory@rory-laptop[00m:[01;34m~/Projects/STAT432/assignment2[00m$ git commit -m "plot poisson"
[master e4f13ce] plot poisson
 5 files changed, 85 insertions(+), 53 deletions(-)
 delete mode 100644 counts.txt
 delete mode 100644 counts_test.rds
]0;/home/rory/Projects/STAT432/assignment2]0;rory@rory-laptop: ~/Projects/STAT432/assignment2[01;32mrory@rory-laptop[00m:[01;34m~/Projects/STAT432/assignment2[00m$ git push origin master 
error: cannot run rpostback-askpass: No such file or directory
Username for 'https://github.com': rsarten
error: cannot run rpostback-askpass: No such file or directory
Password for 'https://rsarten@github.com': 
Enumerating objects: 15, done.
Counting objects:   6% (1/15)Counting objects:  13% (2/15)Counting objects:  20% (3/15)Counting objects:  26% (4/15)Counting objects:  33% (5/15)Counting objects:  40% (6/15)Counting objects:  46% (7/15)Counting objects:  53% (8/15)Counting objects:  60% (9/15)Counting objects:  66% (10/15)Counting objects:  73% (11/15)Counting objects:  80% (12/15)Counting objects:  86% (13/15)Counting objects:  93% (14/15)Counting objects: 100% (15/15)Counting objects: 100% (15/15), done.
Delta compression using up to 4 threads
Compressing objects:  12% (1/8)Compressing objects:  25% (2/8)Compressing objects:  37% (3/8)Compressing objects:  50% (4/8)Compressing objects:  62% (5/8)Compressing objects:  75% (6/8)Compressing objects:  87% (7/8)Compressing objects: 100% (8/8)Compressing objects: 100% (8/8), done.
Writing objects:  12% (1/8)Writing objects:  25% (2/8)Writing objects:  37% (3/8)Writing objects:  50% (4/8)Writing objects:  62% (5/8)Writing objects:  75% (6/8)Writing objects:  87% (7/8)Writing objects: 100% (8/8)Writing objects: 100% (8/8), 1.64 KiB | 1.64 MiB/s, done.
Total 8 (delta 4), reused 0 (delta 0), pack-reused 0
remote: Resolving deltas:   0% (0/4)[Kremote: Resolving deltas:  25% (1/4)[Kremote: Resolving deltas:  50% (2/4)[Kremote: Resolving deltas:  75% (3/4)[Kremote: Resolving deltas: 100% (4/4)[Kremote: Resolving deltas: 100% (4/4), completed with 4 local objects.[K
To https://github.com/rsarten/stat432ass2.git
   d958978..e4f13ce  master -> master
]0;/home/rory/Projects/STAT432/assignment2]0;rory@rory-laptop: ~/Projects/STAT432/assignment2[01;32mrory@rory-laptop[00m:[01;34m~/Projects/STAT432/assignment2[00m$ git add .
]0;/home/rory/Projects/STAT432/assignment2]0;rory@rory-laptop: ~/Projects/STAT432/assignment2[01;32mrory@rory-laptop[00m:[01;34m~/Projects/STAT432/assignment2[00m$ git commit -m "code for q2"
[master 9e37689] code for q2
 6 files changed, 96 insertions(+), 11 deletions(-)
 rewrite .Rproj.user/83658059/console06/INDEX001 (86%)
]0;/home/rory/Projects/STAT432/assignment2]0;rory@rory-laptop: ~/Projects/STAT432/assignment2[01;32mrory@rory-laptop[00m:[01;34m~/Projects/STAT432/assignment2[00m$ git push origin master 
error: cannot run rpostback-askpass: No such file or directory
Username for 'https://github.com': rsarten
error: cannot run rpostback-askpass: No such file or directory
Password for 'https://rsarten@github.com': 
Enumerating objects: 29, done.
Counting objects:   3% (1/29)Counting objects:   6% (2/29)Counting objects:  10% (3/29)Counting objects:  13% (4/29)Counting objects:  17% (5/29)Counting objects:  20% (6/29)Counting objects:  24% (7/29)Counting objects:  27% (8/29)Counting objects:  31% (9/29)Counting objects:  34% (10/29)Counting objects:  37% (11/29)Counting objects:  41% (12/29)Counting objects:  44% (13/29)Counting objects:  48% (14/29)Counting objects:  51% (15/29)Counting objects:  55% (16/29)Counting objects:  58% (17/29)Counting objects:  62% (18/29)Counting objects:  65% (19/29)Counting objects:  68% (20/29)Counting objects:  72% (21/29)Counting objects:  75% (22/29)Counting objects:  79% (23/29)Counting objects:  82% (24/29)Counting objects:  86% (25/29)Counting objects:  89% (26/29)Counting objects:  93% (27/29)Counting objects:  96% (28/29)Counting objects: 100% (29/29)Counting objects: 100% (29/29), done.
Delta compression using up to 4 threads
Compressing objects:   7% (1/13)Compressing objects:  15% (2/13)Compressing objects:  23% (3/13)Compressing objects:  30% (4/13)Compressing objects:  38% (5/13)Compressing objects:  46% (6/13)Compressing objects:  53% (7/13)Compressing objects:  61% (8/13)Compressing objects:  69% (9/13)Compressing objects:  76% (10/13)Compressing objects:  84% (11/13)Compressing objects:  92% (12/13)Compressing objects: 100% (13/13)Compressing objects: 100% (13/13), done.
Writing objects:   6% (1/15)Writing objects:  13% (2/15)Writing objects:  20% (3/15)Writing objects:  26% (4/15)Writing objects:  33% (5/15)Writing objects:  40% (6/15)Writing objects:  46% (7/15)Writing objects:  53% (8/15)Writing objects:  60% (9/15)Writing objects:  66% (10/15)Writing objects:  73% (11/15)Writing objects:  80% (12/15)Writing objects:  86% (13/15)Writing objects:  93% (14/15)Writing objects: 100% (15/15)Writing objects: 100% (15/15), 131.68 KiB | 7.32 MiB/s, done.
Total 15 (delta 6), reused 0 (delta 0), pack-reused 0
remote: Resolving deltas:   0% (0/6)[Kremote: Resolving deltas:  16% (1/6)[Kremote: Resolving deltas:  33% (2/6)[Kremote: Resolving deltas:  50% (3/6)[Kremote: Resolving deltas:  66% (4/6)[Kremote: Resolving deltas:  83% (5/6)[Kremote: Resolving deltas: 100% (6/6)[Kremote: Resolving deltas: 100% (6/6), completed with 6 local objects.[K
To https://github.com/rsarten/stat432ass2.git
   e4f13ce..9e37689  master -> master
]0;/home/rory/Projects/STAT432/assignment2]0;rory@rory-laptop: ~/Projects/STAT432/assignment2[01;32mrory@rory-laptop[00m:[01;34m~/Projects/STAT432/assignment2[00m$ pandoc -s assignment2.Rmd -t latex -o assignment.pdf --highlight-style=tango -SS
--smart/-S has been removed.  Use +smart or -smart extension instead.
For example: pandoc -f markdown+smart -t markdown-smart.
Try pandoc --help for more information.
]0;/home/rory/Projects/STAT432/assignment2]0;rory@rory-laptop: ~/Projects/STAT432/assignment2[01;32mrory@rory-laptop[00m:[01;34m~/Projects/STAT432/assignment2[00m$ pandoc -s assignment2.Rmd -t latex -o assignment.pdf --highlight-style=tango -SS[K[A[C[C[C[C[C[C[C[C[C[C[C[C[C[C[C[C[C[C[C[C[C[C[C[C[C[C[C[C[C[C[C[C[C[C[C[C[C[C[C[C[C[C[C[C[C[C[C[C[C[C[C[C[C[C[C[C[C[C[C[C[C[C[C[C[C[C[C[C[C[C[C[C[C[C[C[C[C[C[C[C[C[C[C[C[C[C[C[C[C[C[C[C[C[C[C[C[C[C[C[C[C[C[C[C[C[C[C[C[C[C[C[C[C[C[C[C[C[C[C[C[C[C[C[C[C[C[K
[K[A[C[C[C[C[C[C[C[C[C[C[C[C[C[C[C[C[C[C[C[C[C[C[C[C[C[C[C[C[C[C[C[C[C[C[C[C[C[C[C[C[C[C[C[C[C[C[C[C[C[C[C[C[C[C[C[C[C[C[C[C[C[C[C[C[C[C[C[C[C[C[C[C[C[C[C[C[C[C[C[C[C[C[C[C[C[C[C[C[C[C[C[C[C[C[C[C[C[C[C[C[C[C[C[C[C[C[C[C[C[C[C[C[C[C[C[C[C[C[C[C[C[C[C[C[C[C[K
Error producing PDF.
! You can't use `macro parameter character #' in horizontal mode.
l.172   #

]0;/home/rory/Projects/STAT432/assignment2]0;rory@rory-laptop: ~/Projects/STAT432/assignment2[01;32mrory@rory-laptop[00m:[01;34m~/Projects/STAT432/assignment2[00m$  echo FB2C133F && /usr/bin/env && echo FA33E0D3
FB2C133F
R_PDFVIEWER=/usr/bin/xdg-open
R_RD4PDF=times,inconsolata,hyper
CONDA_SHLVL=1
LS_COLORS=rs=0:di=01;34:ln=01;36:mh=00:pi=40;33:so=01;35:do=01;35:bd=40;33;01:cd=40;33;01:or=40;31;01:mi=00:su=37;41:sg=30;43:ca=30;41:tw=30;42:ow=34;42:st=37;44:ex=01;32:*.tar=01;31:*.tgz=01;31:*.arc=01;31:*.arj=01;31:*.taz=01;31:*.lha=01;31:*.lz4=01;31:*.lzh=01;31:*.lzma=01;31:*.tlz=01;31:*.txz=01;31:*.tzo=01;31:*.t7z=01;31:*.zip=01;31:*.z=01;31:*.Z=01;31:*.dz=01;31:*.gz=01;31:*.lrz=01;31:*.lz=01;31:*.lzo=01;31:*.xz=01;31:*.zst=01;31:*.tzst=01;31:*.bz2=01;31:*.bz=01;31:*.tbz=01;31:*.tbz2=01;31:*.tz=01;31:*.deb=01;31:*.rpm=01;31:*.jar=01;31:*.war=01;31:*.ear=01;31:*.sar=01;31:*.rar=01;31:*.alz=01;31:*.ace=01;31:*.zoo=01;31:*.cpio=01;31:*.7z=01;31:*.rz=01;31:*.cab=01;31:*.wim=01;31:*.swm=01;31:*.dwm=01;31:*.esd=01;31:*.jpg=01;35:*.jpeg=01;35:*.mjpg=01;35:*.mjpeg=01;35:*.gif=01;35:*.bmp=01;35:*.pbm=01;35:*.pgm=01;35:*.ppm=01;35:*.tga=01;35:*.xbm=01;35:*.xpm=01;35:*.tif=01;35:*.tiff=01;35:*.png=01;35:*.svg=01;35:*.svgz=01;35:*.mng=01;35:*.pcx=01;35:*.mov=01;35:*.mpg=01;35:*.mpeg=01;35:*.m2v=01;35:*.mkv=01;35:*.webm=01;35:*.ogm=01;35:*.mp4=01;35:*.m4v=01;35:*.mp4v=01;35:*.vob=01;35:*.qt=01;35:*.nuv=01;35:*.wmv=01;35:*.asf=01;35:*.rm=01;35:*.rmvb=01;35:*.flc=01;35:*.avi=01;35:*.fli=01;35:*.flv=01;35:*.gl=01;35:*.dl=01;35:*.xcf=01;35:*.xwd=01;35:*.yuv=01;35:*.cgm=01;35:*.emf=01;35:*.ogv=01;35:*.ogx=01;35:*.aac=00;36:*.au=00;36:*.flac=00;36:*.m4a=00;36:*.mid=00;36:*.midi=00;36:*.mka=00;36:*.mp3=00;36:*.mpc=00;36:*.ogg=00;36:*.ra=00;36:*.wav=00;36:*.oga=00;36:*.opus=00;36:*.spx=00;36:*.xspf=00;36:
LD_LIBRARY_PATH=/usr/lib/R/lib::/lib:/usr/lib/x86_64-linux-gnu:/usr/lib/jvm/default-java/lib/server
CONDA_EXE=/home/rory/anaconda3/bin/conda
RS_RPOSTBACK_PATH=/usr/lib/rstudio/bin/rpostback
LESSCLOSE=/usr/bin/lesspipe %s %s
R_SHARE_DIR=/usr/share/R/share
LANG=en_NZ.UTF-8
GDM_LANG=en_NZ
HISTCONTROL=ignoreboth
DISPLAY=:0
RS_PPM_FD_READ=17
TAR=/bin/tar
EDITOR=vi
R_BROWSER=xdg-open
GTK_OVERLAY_SCROLLING=1
R_DOC_DIR=/usr/share/R/doc
R_SESSION_TMPDIR=/tmp/RtmpzAQIxY
LN_S=ln -s
CONDA_PREFIX=/home/rory/anaconda3
RSTUDIO_SESSION_ID=B595C163
R_LIBS_USER=~/R/x86_64-pc-linux-gnu-library/3.4
XDG_VTNR=7
GIO_LAUNCHED_DESKTOP_FILE_PID=31998
SSH_AUTH_SOCK=/run/user/1000/keyring/ssh
RS_PPM_FD_WRITE=20
MANDATORY_PATH=/usr/share/gconf/cinnamon.mandatory.path
_CE_M=
XDG_SESSION_ID=c2
XDG_GREETER_DATA_DIR=/var/lib/lightdm-data/rory
R_INCLUDE_DIR=/usr/share/R/include
USER=rory
PAGER=/usr/bin/pager
DESKTOP_SESSION=cinnamon
RS_SHARED_SECRET=16816927778469308861804289383
DEFAULTS_PATH=/usr/share/gconf/cinnamon.default.path
QT_QPA_PLATFORMTHEME=qt5ct
PWD=/home/rory/Projects/STAT432/assignment2
HOME=/home/rory
CONDA_PYTHON_EXE=/home/rory/anaconda3/bin/python
SED=/bin/sed
SSH_AGENT_PID=1292
RSTUDIO_PANDOC=/usr/lib/rstudio/bin/pandoc
R_PAPERSIZE=letter
QT_ACCESSIBILITY=1
XDG_SESSION_TYPE=x11
XDG_DATA_DIRS=/usr/share/cinnamon:/usr/share/gnome:/home/rory/.local/share/flatpak/exports/share:/var/lib/flatpak/exports/share:/usr/local/share:/usr/share
R_SYSTEM_ABI=linux,gcc,gxx,gfortran,?
RSTUDIO=1
R_ZIPCMD=/usr/bin/zip
_CE_CONDA=
R_PAPERSIZE_USER=a4
XDG_SESSION_DESKTOP=cinnamon
CLICOLOR_FORCE=1
R_HOME=/usr/lib/R
GJS_DEBUG_OUTPUT=stderr
R_BZIPCMD=/bin/bzip2
CONDA_PROMPT_MODIFIER=(base) 
GTK_MODULES=gail:atk-bridge
RSTUDIO_USER_IDENTITY=rory
RS_LOCAL_PEER=/tmp/12710-rsession
RSTUDIO_SESSION_PORT=12710
RMARKDOWN_MATHJAX_PATH=/usr/lib/rstudio/resources/mathjax-26
TERM=xterm-256color
SHELL=/bin/bash
R_PRINTCMD=/usr/bin/lpr
XDG_SEAT_PATH=/org/freedesktop/DisplayManager/Seat0
R_GZIPCMD=/bin/gzip -n
QT_IM_MODULE=compose
RSTUDIO_TERM=3A481B05
XDG_CURRENT_DESKTOP=X-Cinnamon
GPG_AGENT_INFO=/run/user/1000/gnupg/S.gpg-agent:0:1
GIO_LAUNCHED_DESKTOP_FILE=/usr/share/applications/rstudio.desktop
RSTUDIO_WINUTILS=bin/winutils
XDG_SEAT=seat0
SHLVL=7
LANGUAGE=en_NZ:en
PROMPT_COMMAND=echo -ne "\033]0;${PWD/#${HOME}/~}\007"
R_PLATFORM=x86_64-pc-linux-gnu
R_LIBS_SITE=/usr/local/lib/R/site-library:/usr/lib/R/site-library:/usr/lib/R/library
GDMSESSION=cinnamon
GNOME_DESKTOP_SESSION_ID=this-is-deprecated
R_UNZIPCMD=/usr/bin/unzip
LOGNAME=rory
DBUS_SESSION_BUS_ADDRESS=unix:path=/run/user/1000/bus
GIT_ASKPASS=rpostback-askpass
XDG_RUNTIME_DIR=/run/user/1000
XAUTHORITY=/home/rory/.Xauthority
RSTUDIO_PROJ_NAME=assignment2
RSTUDIO_CONSOLE_WIDTH=123
XDG_SESSION_PATH=/org/freedesktop/DisplayManager/Session0
XDG_CONFIG_DIRS=/etc/xdg/xdg-cinnamon:/etc/xdg
^C
]0;/home/rory/Projects/STAT432/assignment2]0;rory@rory-laptop: ~/Projects/STAT432/assignment2[01;32mrory@rory-laptop[00m:[01;34m~/Projects/STAT432/assignment2[00m$ git add .
]0;/home/rory/Projects/STAT432/assignment2]0;rory@rory-laptop: ~/Projects/STAT432/assignment2[01;32mrory@rory-laptop[00m:[01;34m~/Projects/STAT432/assignment2[00m$ gt [K[Kit commit -m "
> ^C
]0;/home/rory/Projects/STAT432/assignment2]0;rory@rory-laptop: ~/Projects/STAT432/assignment2[01;32mrory@rory-laptop[00m:[01;34m~/Projects/STAT432/assignment2[00m$ endof [K[K[K of q2"
> end of q2"[C[Cgit commit -m "
 echo FB2C133F && /usr/bin/env && echo FA33E0D3[A[C[C[5Pend of q2"
[K[A[C[C[C[C[C[C[C[C[C[C[C[C[C[C[K^C
]0;/home/rory/Projects/STAT432/assignment2]0;rory@rory-laptop: ~/Projects/STAT432/assignment2[01;32mrory@rory-laptop[00m:[01;34m~/Projects/STAT432/assignment2[00m$ end of q2"git commit -m "
 echo FB2C133F && /usr/bin/env && echo FA33E0D3[A]0;rory@rory-laptop: ~/Projects/STAT432/assignment2[01;32mrory@rory-laptop[00m:[01;34m~/Projects/STAT432/assignment2[00m$ [C[C[C[C[6Padd .
[K[A[C[C[C[C[C[C[C[C[C[C[C[C[C[C[C[C[C[C[C[C[C[C[C[C[C[C[C[C[C[C[C[C[C[C[C[C[C[C[C[C[C[C[C[C[C[C[C[C[C[C[C[C[C[C[C[C[C[Ccommit -m "
 echo FB2C133F && /usr/bin/env && echo FA33E0D3[A]0;rory@rory-laptop: ~/Projects/STAT432/assignment2[01;32mrory@rory-laptop[00m:[01;34m~/Projects/STAT432/assignment2[00m$ [C[C[C[C[6Padd .
[K[A[C[C[C[C[C[C[C[C[C[C[C[C[C[C[C[C[C[C[C[C[C[C[C[C[C[C[C[C[C[C[C[C[C[C[C[C[C[C[C[C[C[C[C[C[C[C[C[C[C[C[C[C[C[C[C[C[C[Ccommit -m "
 echo FB2C133F && /usr/bin/env && echo FA33E0D3[A]0;rory@rory-laptop: ~/Projects/STAT432/assignment2[01;32mrory@rory-laptop[00m:[01;34m~/Projects/STAT432/assignment2[00m$ [5Pend of q2"
[K[A[C[C[C[C[C[C[C[C[C[C[C[C[C[C[C[C[C[C[C[C[C[C[C[C[C[C[C[C[C[C[C[C[C[C[C[C[C[C[C[C[C[C[C[C[C[C[C[C[C[C[C[C[C[C[C[C[C[C[C[Kgit add .